Microchip MPLAB XC8 Compiler V1.37 ()

Linker command line:

-W-3 --edf=E:\Program Files (x86)\Microchip\xc8\v1.37\dat\en_msgs.txt -cs \
  -h+dist/default/production\16F18346_Hand_IC.X.production.sym \
  --cmf=dist/default/production\16F18346_Hand_IC.X.production.cmf -z \
  -Q16LF18346 -oE:\temp\siuo.2 \
  -Mdist/default/production/16F18346_Hand_IC.X.production.map -E1 -ver=XC8 \
  -ASTACK=02102h-023efh -pstack=STACK -ACODE=00h-07FFhx8 \
  -ASTRCODE=00h-03FFFh -ASTRING=00h-0FFhx64 -ACONST=00h-0FFhx64 \
  -AENTRY=00h-0FFhx64 -ACOMMON=070h-07Fh -ABANK0=020h-06Fh \
  -ABANK1=0A0h-0EFh -ABANK2=0120h-016Fh -ABANK3=01A0h-01EFh \
  -ABANK4=0220h-026Fh -ABANK5=02A0h-02EFh -ABANK6=0320h-036Fh \
  -ABANK7=03A0h-03EFh -ABANK8=0420h-046Fh -ABANK9=04A0h-04EFh \
  -ABANK10=0520h-056Fh -ABANK11=05A0h-05EFh -ABANK12=0620h-064Fh \
  -ABANK13=06A0h-06EFh -ABANK14=0720h-076Fh -ABANK15=07A0h-07EFh \
  -ABANK16=0820h-086Fh -ABANK17=08A0h-08EFh -ABANK18=0920h-096Fh \
  -ABANK19=09A0h-09EFh -ABANK20=0A20h-0A6Fh -ABANK21=0AA0h-0AEFh \
  -ABANK22=0B20h-0B6Fh -ABANK23=0BA0h-0BEFh -ABANK24=0C20h-0C6Fh \
  -ABANK25=0CA0h-0CBFh -ABIGRAM=02000h-023EFh,02410h-027EFh \
  -ARAM=020h-06Fh,0A0h-0EFh,0120h-016Fh,01A0h-01EFh,0220h-026Fh,02A0h-02EFh,0320h-036Fh,03A0h-03EFh,0420h-046Fh,04A0h-04EFh,0520h-056Fh,05A0h-05EFh,0620h-064Fh,06A0h-06EFh,0720h-076Fh,07A0h-07EFh,0820h-086Fh,08A0h-08EFh,0920h-096Fh,09A0h-09EFh,0A20h-0A6Fh,0AA0h-0AEFh,0B20h-0B6Fh,0BA0h-0BEFh,0C20h-0C6Fh,0CA0h-0CBFh \
  -AABS1=020h-07Fh,0A0h-0EFh,0120h-016Fh,01A0h-01EFh,0220h-026Fh,02A0h-02EFh,0320h-036Fh,03A0h-03EFh,0420h-046Fh,04A0h-04EFh,0520h-056Fh,05A0h-05EFh,0620h-064Fh,06A0h-06EFh,0720h-076Fh,07A0h-07EFh,0820h-086Fh,08A0h-08EFh,0920h-096Fh,09A0h-09EFh,0A20h-0A6Fh,0AA0h-0AEFh,0B20h-0B6Fh,0BA0h-0BEFh,0C20h-0C6Fh,0CA0h-0CBFh \
  -ASFR0=00h-01Fh -ASFR1=080h-09Fh -ASFR2=0100h-011Fh -ASFR3=0180h-019Fh \
  -ASFR4=0200h-021Fh -ASFR5=0280h-029Fh -ASFR6=0300h-031Fh \
  -ASFR7=0380h-039Fh -ASFR8=0400h-041Fh -ASFR9=0480h-049Fh \
  -ASFR10=0500h-051Fh -ASFR11=0580h-059Fh -ASFR12=0600h-061Fh \
  -ASFR13=0680h-069Fh -ASFR14=0700h-071Fh -ASFR15=0780h-079Fh \
  -ASFR16=0800h-081Fh -ASFR17=0880h-089Fh -ASFR18=0900h-091Fh \
  -ASFR19=0980h-099Fh -ASFR20=0A00h-0A1Fh -ASFR21=0A80h-0A9Fh \
  -ASFR22=0B00h-0B1Fh -ASFR23=0B80h-0B9Fh -ASFR24=0C00h-0C1Fh \
  -ASFR25=0C80h-0C9Fh -ASFR26=0D00h-0D6Fh -ASFR27=0D80h-0DEFh \
  -ASFR28=0E00h-0E6Fh -ASFR29=0E80h-0EEFh -ASFR30=0F00h-0F6Fh \
  -ASFR31=0F80h-0FEFh -preset_vec=00h,intentry=04h,init,end_init \
  -ppowerup=CODE -pcinit=CODE -pfunctab=CODE -ACONFIG=08007h-0800Ah \
  -pconfig=CONFIG -DCONFIG=2 -AIDLOC=08000h-08003h -pidloc=IDLOC -DIDLOC=2 \
  -AEEDATA=00h-0FFh/0F000h -peeprom_data=EEDATA -DEEDATA=2 -DCODE=2 \
  -DSTRCODE=2 -DSTRING=2 -DCONST=2 -DENTRY=2 -k E:\temp\siuo.obj \
  dist/default/production\16F18346_Hand_IC.X.production.obj 

Object code version is 3.11

Machine type is 16LF18346



                Name                               Link     Load   Length Selector   Space Scale
E:\temp\siuo.obj
                end_init                             4B       4B        2        8       0
                reset_vec                             0        0        2        0       0
                config                             8007     8007        4    1000E       0
dist/default/production\16F18346_Hand_IC.X.production.obj
                cinit                                4D       4D       5A        8       0
                intentry                              4        4       47        8       0
                eeprom_data                           0     F000       F8    1E000       3
                text42                              CDB      CDB        6     19B6       0
                text41                              CE1      CE1        6     19C2       0
                text40                              D47      D47        F     1A8E       0
                text39                              D20      D20        D     1A40       0
                text38                              DD6      DD6       22     1BAC       0
                text36                              D2D      D2D        D     1A5A       0
                text35                              E8D      E8D       2A     1D1A       0
                text34                              E3D      E3D       28     1C7A       0
                text33                              D7E      D7E       19     1AFC       0
                text32                              67A      67A       6D        8       0
                text31                              60D      60D       6D        8       0
                text30                              5A0      5A0       6D        8       0
                text29                              E65      E65       28     1CCA       0
                text28                              6E7      6E7       4E        8       0
                text27                              CD6      CD6        5     19AC       0
                text26                              CED      CED        9     19DA       0
                text25                              780      780       49        8       0
                text24                              CF6      CF6        9     19EC       0
                text23                              D3A      D3A        D     1A74       0
                text22                              F46      F46       3B     1E8C       0
                text21                              D56      D56       10     1AAC       0
                text20                              EB7      EB7       2B     1D6E       0
                text19                              4B0      4B0       82        8       0
                text18                              532      532       6E        8       0
                text17                              EE2      EE2       30     1DC4       0
                text16                              2FA      2FA       E6        8       0
                text15                              CE7      CE7        6     19CE       0
                text14                              F12      F12       34     1E24       0
                text13                              D66      D66       18     1ACC       0
                swtext4                             820      820       14     1000       0
                text12                              1DE      1DE      11C        8       0
                text11                              E1A      E1A       23     1C34       0
                swtext3                             840      840        A     1000       0
                text10                              3E0      3E0       D0        8       0
                text9                               D09      D09        B     1A12       0
                text8                               D97      D97       1F     1B2E       0
                text7                               FC0      FC0       40     1F80       0
                swtext2                             800      800       20     1000       0
                text6                                A7       A7      137        8       0
                swtext1                             834      834        C     1000       0
                text5                               F81      F81       3F     1F02       0
                text4                               735      735       4B        8       0
                text3                               DB6      DB6       20     1B6C       0
                text2                               DF8      DF8       22     1BF0       0
                text1                               CFF      CFF        A     19FE       0
                maintext                            7C9      7C9       34        8       0
                cstackBANK0                          20       20       3C       20       1
                cstackCOMMON                         72       72        9       70       1
                clrtext                             D14      D14        C     1A28       0
                bssBANK3                            1A0      1A0       12      1A0       1
                bssBANK2                            120      120       4A      120       1
                dataBANK1                            E3       E3        4       A0       1
                bssBANK1                             A0       A0       43       A0       1
                dataBANK0                            6D       6D        2       20       1
                bssBANK0                             5C       5C       11       20       1
                dataCOMMON                           7D       7D        1       70       1
                bssCOMMON                            7C       7C        1       70       1
                bitbssCOMMON                        380       70        A       70       1     8
                bitnvCOMMON                         3D8       7B        1       70       1     8
                stringtext                         1000     1000        4     2000       0
                idataBANK1                          CD2      CD2        4     19A4       0
                idataBANK0                          7FD      7FD        2        8       0
                idataCOMMON                         7FF      7FF        1        8       0

TOTAL           Name                               Link     Load   Length     Space
        CLASS   STACK          

        CLASS   CODE           
                end_init                             4B       4B        2         0
                cinit                                4D       4D       5A         0
                intentry                              4        4       47         0
                reset_vec                             0        0        2         0
                text42                              CDB      CDB        6         0
                text41                              CE1      CE1        6         0
                text40                              D47      D47        F         0
                text39                              D20      D20        D         0
                text38                              DD6      DD6       22         0
                text36                              D2D      D2D        D         0
                text35                              E8D      E8D       2A         0
                text34                              E3D      E3D       28         0
                text33                              D7E      D7E       19         0
                text32                              67A      67A       6D         0
                text31                              60D      60D       6D         0
                text30                              5A0      5A0       6D         0
                text29                              E65      E65       28         0
                text28                              6E7      6E7       4E         0
                text27                              CD6      CD6        5         0
                text26                              CED      CED        9         0
                text25                              780      780       49         0
                text24                              CF6      CF6        9         0
                text23                              D3A      D3A        D         0
                text22                              F46      F46       3B         0
                text21                              D56      D56       10         0
                text20                              EB7      EB7       2B         0
                text19                              4B0      4B0       82         0
                text18                              532      532       6E         0
                text17                              EE2      EE2       30         0
                text16                              2FA      2FA       E6         0
                text15                              CE7      CE7        6         0
                text14                              F12      F12       34         0
                text13                              D66      D66       18         0
                text12                              1DE      1DE      11C         0
                text11                              E1A      E1A       23         0
                text10                              3E0      3E0       D0         0
                text9                               D09      D09        B         0
                text8                               D97      D97       1F         0
                text7                               FC0      FC0       40         0
                text6                                A7       A7      137         0
                text5                               F81      F81       3F         0
                text4                               735      735       4B         0
                text3                               DB6      DB6       20         0
                text2                               DF8      DF8       22         0
                text1                               CFF      CFF        A         0
                maintext                            7C9      7C9       34         0
                clrtext                             D14      D14        C         0
                idataBANK1                          CD2      CD2        4         0
                idataBANK0                          7FD      7FD        2         0
                idataCOMMON                         7FF      7FF        1         0

        CLASS   STRCODE        
                stringtext                         1000     1000        4         0

        CLASS   STRING         

        CLASS   CONST          
                swtext4                             820      820       14         0
                swtext3                             840      840        A         0
                swtext2                             800      800       20         0
                swtext1                             834      834        C         0

        CLASS   ENTRY          

        CLASS   COMMON         
                cstackCOMMON                         72       72        9         1
                dataCOMMON                           7D       7D        1         1
                bssCOMMON                            7C       7C        1         1
                bitbssCOMMON                        380       70        A         1
                bitnvCOMMON                         3D8       7B        1         1

        CLASS   BANK0          
                cstackBANK0                          20       20       3C         1
                dataBANK0                            6D       6D        2         1
                bssBANK0                             5C       5C       11         1

        CLASS   BANK1          
                dataBANK1                            E3       E3        4         1
                bssBANK1                             A0       A0       43         1

        CLASS   BANK2          
                bssBANK2                            120      120       4A         1

        CLASS   BANK3          
                bssBANK3                            1A0      1A0       12         1

        CLASS   BANK4          

        CLASS   BANK5          

        CLASS   BANK6          

        CLASS   BANK7          

        CLASS   BANK8          

        CLASS   BANK9          

        CLASS   BANK10         

        CLASS   BANK11         

        CLASS   BANK12         

        CLASS   BANK13         

        CLASS   BANK14         

        CLASS   BANK15         

        CLASS   BANK16         

        CLASS   BANK17         

        CLASS   BANK18         

        CLASS   BANK19         

        CLASS   BANK20         

        CLASS   BANK21         

        CLASS   BANK22         

        CLASS   BANK23         

        CLASS   BANK24         

        CLASS   BANK25         

        CLASS   BIGRAM         

        CLASS   RAM            

        CLASS   ABS1           
                abs_s1                               7E       7E        2         1
                abs_s1                              7E0      7E0       10         1
                abs_s1                              820      820       50         1
                abs_s1                              8A0      8A0       50         1
                abs_s1                              920      920       50         1
                abs_s1                              9A0      9A0       50         1
                abs_s1                              A20      A20       50         1
                abs_s1                              AA0      AA0       50         1
                abs_s1                              B20      B20       50         1
                abs_s1                              BA0      BA0       50         1
                abs_s1                              C20      C20       50         1
                abs_s1                              CA0      CA0       20         1
                abs_s1                             24F0     24F0        0         1
                abs_s1                             25F0     25F0        0         1
                abs_s1                             26F0     26F0        0         1

        CLASS   SFR0           

        CLASS   SFR1           

        CLASS   SFR2           

        CLASS   SFR3           

        CLASS   SFR4           

        CLASS   SFR5           

        CLASS   SFR6           

        CLASS   SFR7           

        CLASS   SFR8           

        CLASS   SFR9           

        CLASS   SFR10          

        CLASS   SFR11          

        CLASS   SFR12          

        CLASS   SFR13          

        CLASS   SFR14          

        CLASS   SFR15          

        CLASS   SFR16          

        CLASS   SFR17          

        CLASS   SFR18          

        CLASS   SFR19          

        CLASS   SFR20          

        CLASS   SFR21          

        CLASS   SFR22          

        CLASS   SFR23          

        CLASS   SFR24          

        CLASS   SFR25          

        CLASS   SFR26          

        CLASS   SFR27          

        CLASS   SFR28          

        CLASS   SFR29          

        CLASS   SFR30          

        CLASS   SFR31          

        CLASS   CONFIG         
                config                             8007     8007        4         0

        CLASS   IDLOC          

        CLASS   EEDATA         
                eeprom_data                           0     F000       F8         3

        CLASS   BANK31         

        CLASS   BANK30         

        CLASS   BANK29         

        CLASS   BANK28         

        CLASS   BANK27         

        CLASS   BANK26         



SEGMENTS        Name                           Load    Length   Top    Selector   Space  Class     Delta

                reset_vec                      000000  000002  000002         0       0  CODE        2
                intentry                       000004  0007FC  000800         8       0  CODE        2
                cstackBANK0                    000020  00004F  00006F        20       1  BANK0       1
                bitbssCOMMON                   000070  00000E  00007E        70       1  COMMON      1
                bssBANK1                       0000A0  000047  0000E7        A0       1  BANK1       1
                bssBANK2                       000120  00004A  00016A       120       1  BANK2       1
                bssBANK3                       0001A0  000012  0001B2       1A0       1  BANK3       1
                swtext2                        000800  00004A  00084A      1000       0  CONST       2
                idataBANK1                     000CD2  000004  000CD6      19A4       0  CODE        2
                text27                         000CD6  000005  000CDB      19AC       0  CODE        2
                text42                         000CDB  000006  000CE1      19B6       0  CODE        2
                text41                         000CE1  000006  000CE7      19C2       0  CODE        2
                text15                         000CE7  000006  000CED      19CE       0  CODE        2
                text26                         000CED  000009  000CF6      19DA       0  CODE        2
                text24                         000CF6  000009  000CFF      19EC       0  CODE        2
                text1                          000CFF  00000A  000D09      19FE       0  CODE        2
                text9                          000D09  00000B  000D14      1A12       0  CODE        2
                clrtext                        000D14  00000C  000D20      1A28       0  CODE        2
                text39                         000D20  00000D  000D2D      1A40       0  CODE        2
                text36                         000D2D  00000D  000D3A      1A5A       0  CODE        2
                text23                         000D3A  00000D  000D47      1A74       0  CODE        2
                text40                         000D47  00000F  000D56      1A8E       0  CODE        2
                text21                         000D56  000010  000D66      1AAC       0  CODE        2
                text13                         000D66  000018  000D7E      1ACC       0  CODE        2
                text33                         000D7E  000019  000D97      1AFC       0  CODE        2
                text8                          000D97  00001F  000DB6      1B2E       0  CODE        2
                text3                          000DB6  000020  000DD6      1B6C       0  CODE        2
                text38                         000DD6  000022  000DF8      1BAC       0  CODE        2
                text2                          000DF8  000022  000E1A      1BF0       0  CODE        2
                text11                         000E1A  000023  000E3D      1C34       0  CODE        2
                text34                         000E3D  000028  000E65      1C7A       0  CODE        2
                text29                         000E65  000028  000E8D      1CCA       0  CODE        2
                text35                         000E8D  00002A  000EB7      1D1A       0  CODE        2
                text20                         000EB7  00002B  000EE2      1D6E       0  CODE        2
                text17                         000EE2  000030  000F12      1DC4       0  CODE        2
                text14                         000F12  000034  000F46      1E24       0  CODE        2
                text22                         000F46  00003B  000F81      1E8C       0  CODE        2
                text5                          000F81  00003F  000FC0      1F02       0  CODE        2
                text7                          000FC0  000040  001000      1F80       0  CODE        2
                stringtext                     001000  000004  001004      2000       0  STRCODE     2
                config                         008007  000004  00800B     1000E       0  CONFIG      2
                eeprom_data                    00F000  0000F8  00F0F8     1E000       3  EEDATA      2


UNUSED ADDRESS RANGES

        Name                Unused          Largest block    Delta
        BANK0            0006F-0006F               1           1
        BANK1            000E7-000EF               9           1
        BANK10           00520-0056F              50           1
        BANK11           005A0-005EF              50           1
        BANK12           00620-0064F              30           1
        BANK13           006A0-006EF              50           1
        BANK14           00720-0076F              50           1
        BANK15           007A0-007DF              40           1
        BANK2            0016A-0016F               6           1
        BANK3            001B2-001EF              3E           1
        BANK4            00220-0026F              50           1
        BANK5            002A0-002EF              50           1
        BANK6            00320-0036F              50           1
        BANK7            003A0-003EF              50           1
        BANK8            00420-0046F              50           1
        BANK9            004A0-004EF              50           1
        BIGRAM           02000-023EF             3F0           1
                         02410-027EF             3E0
        CODE             00002-00003               2           2
                         0084A-00CD1             488
                         01004-03FFF             800
        CONST            00002-00003               2           2
                         0084A-00CD1             100
                         01004-03FFF             100
        EEDATA           0F0F8-0F0FF               8           2
        ENTRY            00002-00003               2           2
                         0084A-00CD1             100
                         01004-03FFF             100
        IDLOC            08000-08003               4           2
        RAM              0006F-0006F               1           1
                         000E7-000EF               9
                         0016A-0016F               6
                         001B2-001EF              3E
                         00220-0026F              50
                         002A0-002EF              50
                         00320-0036F              50
                         003A0-003EF              50
                         00420-0046F              50
                         004A0-004EF              50
                         00520-0056F              50
                         005A0-005EF              50
                         00620-0064F              30
                         006A0-006EF              50
                         00720-0076F              50
                         007A0-007DF              40
        SFR0             00000-0001F              20           1
        SFR1             00080-0009F              20           1
        SFR10            00500-0051F              20           1
        SFR11            00580-0059F              20           1
        SFR12            00600-0061F              20           1
        SFR13            00680-0069F              20           1
        SFR14            00700-0071F              20           1
        SFR15            00780-0079F              20           1
        SFR16            00800-0081F              20           1
        SFR17            00880-0089F              20           1
        SFR18            00900-0091F              20           1
        SFR19            00980-0099F              20           1
        SFR2             00100-0011F              20           1
        SFR20            00A00-00A1F              20           1
        SFR21            00A80-00A9F              20           1
        SFR22            00B00-00B1F              20           1
        SFR23            00B80-00B9F              20           1
        SFR24            00C00-00C1F              20           1
        SFR25            00C80-00C9F              20           1
        SFR26            00D00-00D6F              70           1
        SFR27            00D80-00DEF              70           1
        SFR28            00E00-00E6F              70           1
        SFR29            00E80-00EEF              70           1
        SFR3             00180-0019F              20           1
        SFR30            00F00-00F6F              70           1
        SFR31            00F80-00FEF              70           1
        SFR4             00200-0021F              20           1
        SFR5             00280-0029F              20           1
        SFR6             00300-0031F              20           1
        SFR7             00380-0039F              20           1
        SFR8             00400-0041F              20           1
        SFR9             00480-0049F              20           1
        STACK            02102-023EF             2EE           1
        STRCODE          00002-00003               2           2
                         0084A-00CD1             488
                         01004-03FFF            2FFC
        STRING           00002-00003               2           2
                         0084A-00CD1             100
                         01004-03FFF             100

                                  Symbol Table

?_TransLong256To255              cstackBANK0  0002F
?___aldiv                        cstackBANK0  00020
?___almod                        cstackBANK0  00020
?___lmul                         cstackBANK0  00020
?_getCargoData                   cstackBANK0  00020
?_getMoter_lotate                cstackCOMMON 00072
Calibrate_download@bufint        cstackBANK0  00055
Calibrate_download@buflong       cstackBANK0  00051
Calibrate_download@spi_Read_data cstackBANK0  00057
EEPROM_download@bufint           cstackBANK0  00039
EEPROM_download@buflong          cstackBANK0  00035
EEPROM_download@spi1_Read_data   cstackBANK0  0003B
InitCalibrate@cargoData          cstackBANK0  00032
InterMSSP@buf                    cstackCOMMON 0007A
ReadEEPROM@Hiadr                 cstackBANK0  00023
ReadEEPROM@Loadr                 cstackBANK0  00024
ReadEEPROM@addr                  cstackBANK0  00020
TransLong256To255@TransData      cstackBANK0  00037
TransLong256To255@buf            cstackBANK0  00047
TransLong256To255@data           cstackBANK0  0002F
TransLong256To255@i              cstackBANK0  00045
TransLong256To255@j              cstackBANK0  0003B
TransLong256To255@mod            cstackBANK0  0003D
TransLong256To255@pow            cstackBANK0  00041
_ANSELA                          (abs)        0018C
_ANSELB                          (abs)        0018D
_ANSELC                          (abs)        0018E
_Calibrate_download              text12       001DE
_EEPROM_ADDR_buf                 bssBANK1     000D5
_EEPROM_download                 text10       003E0
_INLVLAbits                      (abs)        0038C
_INLVLBbits                      (abs)        0038D
_INLVLCbits                      (abs)        0038E
_INTCONbits                      (abs)        0000B
_IOCAFbits                       (abs)        00393
_IOCANbits                       (abs)        00392
_IOCAPbits                       (abs)        00391
_IOCode                          bssBANK3     001A0
_InitCalibrate                   text20       00EB7
_InterMSSP                       intentry     00004
_LATAbits                        (abs)        0010C
_NVMADRH                         (abs)        00892
_NVMADRL                         (abs)        00891
_NVMCON1bits                     (abs)        00895
_NVMDATH                         (abs)        00894
_NVMDATL                         (abs)        00893
_OSCFRQbits                      (abs)        0091F
_OSCTUNEbits                     (abs)        0091E
_PIE0bits                        (abs)        00090
_PIE1bits                        (abs)        00091
_PIE2bits                        (abs)        00092
_PIR0bits                        (abs)        00010
_PIR1bits                        (abs)        00011
_PIR2bits                        (abs)        00012
_PORTA                           (abs)        0000C
_PORTB                           (abs)        0000D
_PORTC                           (abs)        0000E
_RA2PPS                          (abs)        00E92
_RB7PPS                          (abs)        00E9F
_RC2PPS                          (abs)        00EA2
_RD                              (abs)        044A8
_RaadData                        bssBANK1     000D7
_ReadEEPROM                      text11       00E1A
_SPI_OFFSET_BYTE                 dataCOMMON   0007D
_SSP1BUF                         (abs)        00211
_SSP1CON1bits                    (abs)        00215
_SSP1CON3bits                    (abs)        00217
_SSP1SSPPSbits                   (abs)        00E22
_SSP1STATbits                    (abs)        00214
_SSP2BUF                         (abs)        00219
_SSP2CON1bits                    (abs)        0021D
_SSP2CON3bits                    (abs)        0021F
_SSP2SSPPSbits                   (abs)        00E1F
_SSP2STATbits                    (abs)        0021C
_TRISA                           (abs)        0008C
_TRISB                           (abs)        0008D
_TRISBbits                       (abs)        0008D
_TRISC                           (abs)        0008E
_TRISCbits                       (abs)        0008E
_TransLong256To255               text16       002FA
_WPUA                            (abs)        0020C
_WPUB                            (abs)        0020D
_WPUC                            (abs)        0020E
__Babs1                          abs1         1E1F0
__Bbank0                         bank0        1E1F0
__Bbank1                         bank1        1E1F0
__Bbank10                        bank10       1E1F0
__Bbank11                        bank11       1E1F0
__Bbank12                        bank12       1E1F0
__Bbank13                        bank13       1E1F0
__Bbank14                        bank14       1E1F0
__Bbank15                        bank15       1E1F0
__Bbank16                        bank16       1E1F0
__Bbank17                        bank17       1E1F0
__Bbank18                        bank18       1E1F0
__Bbank19                        bank19       1E1F0
__Bbank2                         bank2        1E1F0
__Bbank20                        bank20       1E1F0
__Bbank21                        bank21       1E1F0
__Bbank22                        bank22       1E1F0
__Bbank23                        bank23       1E1F0
__Bbank24                        bank24       1E1F0
__Bbank25                        bank25       1E1F0
__Bbank26                        bank26       1E1F0
__Bbank27                        bank27       1E1F0
__Bbank28                        bank28       1E1F0
__Bbank29                        bank29       1E1F0
__Bbank3                         bank3        1E1F0
__Bbank30                        bank30       1E1F0
__Bbank31                        bank31       1E1F0
__Bbank4                         bank4        1E1F0
__Bbank5                         bank5        1E1F0
__Bbank6                         bank6        1E1F0
__Bbank7                         bank7        1E1F0
__Bbank8                         bank8        1E1F0
__Bbank9                         bank9        1E1F0
__Bbigram                        bigram       1E1F0
__BbitbssCOMMON                  bitbssCOMMON 1E1F0
__BbitnvCOMMON                   bitnvCOMMON  1E1F0
__BbssBANK0                      bssBANK0     1E1F0
__BbssBANK1                      bssBANK1     1E1F0
__BbssBANK2                      bssBANK2     1E1F0
__BbssBANK3                      bssBANK3     1E1F0
__BbssCOMMON                     bssCOMMON    1E1F0
__Bclrtext                       clrtext      1E1F0
__Bcode                          code         1E1F0
__Bcommon                        common       1E1F0
__BcstackBANK0                   cstackBANK0  1E1F0
__BcstackCOMMON                  cstackCOMMON 1E1F0
__BdataBANK0                     dataBANK0    1E1F0
__BdataBANK1                     dataBANK1    1E1F0
__BdataCOMMON                    dataCOMMON   1E1F0
__Beeprom_data                   eeprom_data  0F000
__Bmaintext                      maintext     1E1F0
__Bram                           ram          1E1F0
__Bsfr0                          sfr0         1E1F0
__Bsfr1                          sfr1         1E1F0
__Bsfr10                         sfr10        1E1F0
__Bsfr11                         sfr11        1E1F0
__Bsfr12                         sfr12        1E1F0
__Bsfr13                         sfr13        1E1F0
__Bsfr14                         sfr14        1E1F0
__Bsfr15                         sfr15        1E1F0
__Bsfr16                         sfr16        1E1F0
__Bsfr17                         sfr17        1E1F0
__Bsfr18                         sfr18        1E1F0
__Bsfr19                         sfr19        1E1F0
__Bsfr2                          sfr2         1E1F0
__Bsfr20                         sfr20        1E1F0
__Bsfr21                         sfr21        1E1F0
__Bsfr22                         sfr22        1E1F0
__Bsfr23                         sfr23        1E1F0
__Bsfr24                         sfr24        1E1F0
__Bsfr25                         sfr25        1E1F0
__Bsfr26                         sfr26        1E1F0
__Bsfr27                         sfr27        1E1F0
__Bsfr28                         sfr28        1E1F0
__Bsfr29                         sfr29        1E1F0
__Bsfr3                          sfr3         1E1F0
__Bsfr30                         sfr30        1E1F0
__Bsfr31                         sfr31        1E1F0
__Bsfr4                          sfr4         1E1F0
__Bsfr5                          sfr5         1E1F0
__Bsfr6                          sfr6         1E1F0
__Bsfr7                          sfr7         1E1F0
__Bsfr8                          sfr8         1E1F0
__Bsfr9                          sfr9         1E1F0
__Bstrings                       strings      1E1F0
__Btext                          text         1E1F0
__CFG_BOREN$ON                   (abs)        00000
__CFG_BORV$HIGH                  (abs)        00000
__CFG_CLKOUTEN$OFF               (abs)        00000
__CFG_CP$OFF                     (abs)        00000
__CFG_CPD$OFF                    (abs)        00000
__CFG_CSWEN$ON                   (abs)        00000
__CFG_DEBUG$OFF                  (abs)        00000
__CFG_FCMEN$ON                   (abs)        00000
__CFG_FEXTOSC$OFF                (abs)        00000
__CFG_LPBOREN$ON                 (abs)        00000
__CFG_LVP$OFF                    (abs)        00000
__CFG_MCLRE$OFF                  (abs)        00000
__CFG_PPS1WAY$ON                 (abs)        00000
__CFG_PWRTE$OFF                  (abs)        00000
__CFG_RSTOSC$HFINT32             (abs)        00000
__CFG_STVREN$ON                  (abs)        00000
__CFG_WDTE$OFF                   (abs)        00000
__CFG_WRT$OFF                    (abs)        00000
__Habs1                          abs1         001F0
__Hbank0                         bank0        001F0
__Hbank1                         bank1        001F0
__Hbank10                        bank10       001F0
__Hbank11                        bank11       001F0
__Hbank12                        bank12       001F0
__Hbank13                        bank13       001F0
__Hbank14                        bank14       001F0
__Hbank15                        bank15       001F0
__Hbank16                        bank16       001F0
__Hbank17                        bank17       001F0
__Hbank18                        bank18       001F0
__Hbank19                        bank19       001F0
__Hbank2                         bank2        001F0
__Hbank20                        bank20       001F0
__Hbank21                        bank21       001F0
__Hbank22                        bank22       001F0
__Hbank23                        bank23       001F0
__Hbank24                        bank24       001F0
__Hbank25                        bank25       001F0
__Hbank26                        bank26       001F0
__Hbank27                        bank27       001F0
__Hbank28                        bank28       001F0
__Hbank29                        bank29       001F0
__Hbank3                         bank3        001F0
__Hbank30                        bank30       001F0
__Hbank31                        bank31       001F0
__Hbank4                         bank4        001F0
__Hbank5                         bank5        001F0
__Hbank6                         bank6        001F0
__Hbank7                         bank7        001F0
__Hbank8                         bank8        001F0
__Hbank9                         bank9        001F0
__Hbigram                        bigram       001F0
__HbitbssCOMMON                  bitbssCOMMON F0F80
__HbitnvCOMMON                   bitnvCOMMON  F0F80
__HbssBANK0                      bssBANK0     001F0
__HbssBANK1                      bssBANK1     001F0
__HbssBANK2                      bssBANK2     001F0
__HbssBANK3                      bssBANK3     001F0
__HbssCOMMON                     bssCOMMON    001F0
__Hcinit                         cinit        000A7
__Hclrtext                       clrtext      001F0
__Hcode                          code         001F0
__Hcommon                        common       001F0
__Hconfig                        config       0800B
__HcstackBANK0                   cstackBANK0  001F0
__HcstackCOMMON                  cstackCOMMON 001F0
__HdataBANK0                     dataBANK0    001F0
__HdataBANK1                     dataBANK1    001F0
__HdataCOMMON                    dataCOMMON   001F0
__Heeprom_data                   eeprom_data  000F8
__Hend_init                      end_init     0004D
__Hfunctab                       functab      00000
__HidataBANK0                    idataBANK0   1E1F0
__HidataBANK1                    idataBANK1   1E1F0
__HidataCOMMON                   idataCOMMON  1E1F0
__Hidloc                         idloc        00000
__Hinit                          init         0004B
__Hintentry                      intentry     0004B
__Hmaintext                      maintext     001F0
__Hpowerup                       powerup      00000
__Hram                           ram          001F0
__Hreset_vec                     reset_vec    00002
__Hsfr0                          sfr0         001F0
__Hsfr1                          sfr1         001F0
__Hsfr10                         sfr10        001F0
__Hsfr11                         sfr11        001F0
__Hsfr12                         sfr12        001F0
__Hsfr13                         sfr13        001F0
__Hsfr14                         sfr14        001F0
__Hsfr15                         sfr15        001F0
__Hsfr16                         sfr16        001F0
__Hsfr17                         sfr17        001F0
__Hsfr18                         sfr18        001F0
__Hsfr19                         sfr19        001F0
__Hsfr2                          sfr2         001F0
__Hsfr20                         sfr20        001F0
__Hsfr21                         sfr21        001F0
__Hsfr22                         sfr22        001F0
__Hsfr23                         sfr23        001F0
__Hsfr24                         sfr24        001F0
__Hsfr25                         sfr25        001F0
__Hsfr26                         sfr26        001F0
__Hsfr27                         sfr27        001F0
__Hsfr28                         sfr28        001F0
__Hsfr29                         sfr29        001F0
__Hsfr3                          sfr3         001F0
__Hsfr30                         sfr30        001F0
__Hsfr31                         sfr31        001F0
__Hsfr4                          sfr4         001F0
__Hsfr5                          sfr5         001F0
__Hsfr6                          sfr6         001F0
__Hsfr7                          sfr7         001F0
__Hsfr8                          sfr8         001F0
__Hsfr9                          sfr9         001F0
__Hspace_0                       (abs)        F0F80
__Hspace_1                       (abs)        003D9
__Hspace_2                       (abs)        00000
__Hspace_3                       (abs)        000F8
__Hstack                         stack        00000
__Hstrings                       strings      001F0
__Hstringtext                    stringtext   1E1F0
__Htext                          text         001F0
__Labs1                          abs1         001F0
__Lbank0                         bank0        001F0
__Lbank1                         bank1        001F0
__Lbank10                        bank10       001F0
__Lbank11                        bank11       001F0
__Lbank12                        bank12       001F0
__Lbank13                        bank13       001F0
__Lbank14                        bank14       001F0
__Lbank15                        bank15       001F0
__Lbank16                        bank16       001F0
__Lbank17                        bank17       001F0
__Lbank18                        bank18       001F0
__Lbank19                        bank19       001F0
__Lbank2                         bank2        001F0
__Lbank20                        bank20       001F0
__Lbank21                        bank21       001F0
__Lbank22                        bank22       001F0
__Lbank23                        bank23       001F0
__Lbank24                        bank24       001F0
__Lbank25                        bank25       001F0
__Lbank26                        bank26       001F0
__Lbank27                        bank27       001F0
__Lbank28                        bank28       001F0
__Lbank29                        bank29       001F0
__Lbank3                         bank3        001F0
__Lbank30                        bank30       001F0
__Lbank31                        bank31       001F0
__Lbank4                         bank4        001F0
__Lbank5                         bank5        001F0
__Lbank6                         bank6        001F0
__Lbank7                         bank7        001F0
__Lbank8                         bank8        001F0
__Lbank9                         bank9        001F0
__Lbigram                        bigram       001F0
__LbitbssCOMMON                  bitbssCOMMON F0F80
__LbitnvCOMMON                   bitnvCOMMON  F0F80
__LbssBANK0                      bssBANK0     001F0
__LbssBANK1                      bssBANK1     001F0
__LbssBANK2                      bssBANK2     001F0
__LbssBANK3                      bssBANK3     001F0
__LbssCOMMON                     bssCOMMON    001F0
__Lcinit                         cinit        0004D
__Lclrtext                       clrtext      001F0
__Lcode                          code         001F0
__Lcommon                        common       001F0
__Lconfig                        config       08007
__LcstackBANK0                   cstackBANK0  001F0
__LcstackCOMMON                  cstackCOMMON 001F0
__LdataBANK0                     dataBANK0    001F0
__LdataBANK1                     dataBANK1    001F0
__LdataCOMMON                    dataCOMMON   001F0
__Leeprom_data                   eeprom_data  00000
__Lend_init                      end_init     0004B
__Lfunctab                       functab      00000
__LidataBANK0                    idataBANK0   1E1F0
__LidataBANK1                    idataBANK1   1E1F0
__LidataCOMMON                   idataCOMMON  1E1F0
__Lidloc                         idloc        00000
__Linit                          init         0004B
__Lintentry                      intentry     00004
__Lmaintext                      maintext     001F0
__Lpowerup                       powerup      00000
__Lram                           ram          001F0
__Lreset_vec                     reset_vec    00000
__Lsfr0                          sfr0         001F0
__Lsfr1                          sfr1         001F0
__Lsfr10                         sfr10        001F0
__Lsfr11                         sfr11        001F0
__Lsfr12                         sfr12        001F0
__Lsfr13                         sfr13        001F0
__Lsfr14                         sfr14        001F0
__Lsfr15                         sfr15        001F0
__Lsfr16                         sfr16        001F0
__Lsfr17                         sfr17        001F0
__Lsfr18                         sfr18        001F0
__Lsfr19                         sfr19        001F0
__Lsfr2                          sfr2         001F0
__Lsfr20                         sfr20        001F0
__Lsfr21                         sfr21        001F0
__Lsfr22                         sfr22        001F0
__Lsfr23                         sfr23        001F0
__Lsfr24                         sfr24        001F0
__Lsfr25                         sfr25        001F0
__Lsfr26                         sfr26        001F0
__Lsfr27                         sfr27        001F0
__Lsfr28                         sfr28        001F0
__Lsfr29                         sfr29        001F0
__Lsfr3                          sfr3         001F0
__Lsfr30                         sfr30        001F0
__Lsfr31                         sfr31        001F0
__Lsfr4                          sfr4         001F0
__Lsfr5                          sfr5         001F0
__Lsfr6                          sfr6         001F0
__Lsfr7                          sfr7         001F0
__Lsfr8                          sfr8         001F0
__Lsfr9                          sfr9         001F0
__Lspace_0                       (abs)        00000
__Lspace_1                       (abs)        00000
__Lspace_2                       (abs)        00000
__Lspace_3                       (abs)        00000
__Lstack                         stack        00000
__Lstrings                       strings      001F0
__Lstringtext                    stringtext   1E1F0
__Ltext                          text         001F0
__S0                             (abs)        0800B
__S1                             (abs)        001B2
__S2                             (abs)        00000
__S3                             (abs)        0F0F8
___aldiv                         text19       004B0
___aldiv@counter                 cstackBANK0  00029
___aldiv@dividend                cstackBANK0  00024
___aldiv@divisor                 cstackBANK0  00020
___aldiv@quotient                cstackBANK0  0002B
___aldiv@sign                    cstackBANK0  0002A
___almod                         text18       00532
___almod@counter                 cstackBANK0  00029
___almod@dividend                cstackBANK0  00024
___almod@divisor                 cstackBANK0  00020
___almod@sign                    cstackBANK0  0002A
___int_sp                        stack        00000
___latbits                       (abs)        00003
___lmul                          text17       00EE2
___lmul@multiplicand             cstackBANK0  00024
___lmul@multiplier               cstackBANK0  00020
___lmul@product                  cstackBANK0  00028
___sp                            stack        00000
__end_of_Calibrate_download      text12       002FA
__end_of_EEPROM_download         text10       004B0
__end_of_InitCalibrate           text20       00EE2
__end_of_InterMSSP               intentry     0004B
__end_of_MACHINE_ID              stringtext   01002
__end_of_ReadEEPROM              text11       00E3D
__end_of_TransLong256To255       text16       003E0
__end_of_VENDER_ID               stringtext   01004
__end_of___aldiv                 text19       00532
__end_of___almod                 text18       005A0
__end_of___lmul                  text17       00F12
__end_of__initialization         cinit        000A3
__end_of_addAngle                text40       00D56
__end_of_clear                   text36       00D3A
__end_of_clutchaction            text9        00D14
__end_of_getCargoData            text21       00D66
__end_of_getMoter_lotate         text42       00CE1
__end_of_init                    text34       00E65
__end_of_initCargo               text33       00D97
__end_of_initComand              text32       006E7
__end_of_initComu_types          text31       0067A
__end_of_initIndex               text30       0060D
__end_of_initPosition            text29       00E8D
__end_of_initTrain               text25       007C9
__end_of_initbuffer              text35       00EB7
__end_of_io_init                 text24       00CFF
__end_of_isEndpoint              text14       00F46
__end_of_isSPI1read              text23       00D47
__end_of_isSPI2read              text39       00D2D
__end_of_isTrainSt               text28       00735
__end_of_main                    maintext     007FD
__end_of_readCargo               text6        001DE
__end_of_read_train              text22       00F81
__end_of_resetCargo              text13       00D7E
__end_of_resetTrainData          text26       00CF6
__end_of_restartCargo            text27       00CDB
__end_of_setCargoAngle           text41       00CE7
__end_of_setComunicateMode       text5        00FC0
__end_of_setIndexMode            text7        01000
__end_of_setMoter_lotate         text8        00DB6
__end_of_setSPI1sendData         text38       00DF8
__end_of_setSPI1sendDataManual   text15       00CED
__end_of_setSPI2sendData         text4        00780
__end_of_spi1_init               text3        00DD6
__end_of_spi2_init               text2        00E1A
__end_of_spi_init                text1        00D09
__initialization                 cinit        0004D
__pbitbssCOMMON                  bitbssCOMMON 00380
__pbitnvCOMMON                   bitnvCOMMON  003D8
__pbssBANK0                      bssBANK0     0005C
__pbssBANK1                      bssBANK1     000A0
__pbssBANK2                      bssBANK2     00120
__pbssBANK3                      bssBANK3     001A0
__pbssBIGRAM_1                   (abs)        024F0
__pbssCOMMON                     bssCOMMON    0007C
__pcstackBANK0                   cstackBANK0  00020
__pcstackCOMMON                  cstackCOMMON 00072
__pdataBANK0                     dataBANK0    0006D
__pdataBANK1                     dataBANK1    000E3
__pdataCOMMON                    dataCOMMON   0007D
__pidataBANK0                    idataBANK0   007FD
__pidataBANK1                    idataBANK1   00CD2
__pidataCOMMON                   idataCOMMON  007FF
__pintentry                      intentry     00004
__pmaintext                      maintext     007C9
__pstringtext                    stringtext   01000
__pswtext1                       swtext1      00834
__pswtext2                       swtext2      00800
__pswtext3                       swtext3      00840
__pswtext4                       swtext4      00820
__ptext1                         text1        00CFF
__ptext10                        text10       003E0
__ptext11                        text11       00E1A
__ptext12                        text12       001DE
__ptext13                        text13       00D66
__ptext14                        text14       00F12
__ptext15                        text15       00CE7
__ptext16                        text16       002FA
__ptext17                        text17       00EE2
__ptext18                        text18       00532
__ptext19                        text19       004B0
__ptext2                         text2        00DF8
__ptext20                        text20       00EB7
__ptext21                        text21       00D56
__ptext22                        text22       00F46
__ptext23                        text23       00D3A
__ptext24                        text24       00CF6
__ptext25                        text25       00780
__ptext26                        text26       00CED
__ptext27                        text27       00CD6
__ptext28                        text28       006E7
__ptext29                        text29       00E65
__ptext3                         text3        00DB6
__ptext30                        text30       005A0
__ptext31                        text31       0060D
__ptext32                        text32       0067A
__ptext33                        text33       00D7E
__ptext34                        text34       00E3D
__ptext35                        text35       00E8D
__ptext36                        text36       00D2D
__ptext38                        text38       00DD6
__ptext39                        text39       00D20
__ptext4                         text4        00735
__ptext40                        text40       00D47
__ptext41                        text41       00CE1
__ptext42                        text42       00CDB
__ptext5                         text5        00F81
__ptext6                         text6        000A7
__ptext7                         text7        00FC0
__ptext8                         text8        00D97
__ptext9                         text9        00D09
__size_of_Calibrate_download     (abs)        00000
__size_of_EEPROM_download        (abs)        00000
__size_of_InitCalibrate          (abs)        00000
__size_of_InterMSSP              (abs)        00000
__size_of_ReadEEPROM             (abs)        00000
__size_of_TransLong256To255      (abs)        00000
__size_of___aldiv                (abs)        00000
__size_of___almod                (abs)        00000
__size_of___lmul                 (abs)        00000
__size_of_addAngle               (abs)        00000
__size_of_clear                  (abs)        00000
__size_of_clutchaction           (abs)        00000
__size_of_getCargoData           (abs)        00000
__size_of_getMoter_lotate        (abs)        00000
__size_of_init                   (abs)        00000
__size_of_initCargo              (abs)        00000
__size_of_initComand             (abs)        00000
__size_of_initComu_types         (abs)        00000
__size_of_initIndex              (abs)        00000
__size_of_initPosition           (abs)        00000
__size_of_initTrain              (abs)        00000
__size_of_initbuffer             (abs)        00000
__size_of_io_init                (abs)        00000
__size_of_isEndpoint             (abs)        00000
__size_of_isSPI1read             (abs)        00000
__size_of_isSPI2read             (abs)        00000
__size_of_isTrainSt              (abs)        00000
__size_of_main                   (abs)        00000
__size_of_readCargo              (abs)        00000
__size_of_read_train             (abs)        00000
__size_of_resetCargo             (abs)        00000
__size_of_resetTrainData         (abs)        00000
__size_of_restartCargo           (abs)        00000
__size_of_setCargoAngle          (abs)        00000
__size_of_setComunicateMode      (abs)        00000
__size_of_setIndexMode           (abs)        00000
__size_of_setMoter_lotate        (abs)        00000
__size_of_setSPI1sendData        (abs)        00000
__size_of_setSPI1sendDataManual  (abs)        00000
__size_of_setSPI2sendData        (abs)        00000
__size_of_spi1_init              (abs)        00000
__size_of_spi2_init              (abs)        00000
__size_of_spi_init               (abs)        00000
_addAngle                        text40       00D47
_calibdata                       bssBANK1     000C2
_cargoData                       bssBANK1     000B2
_cargo_index                     bssBANK2     00134
_clear                           text36       00D2D
_clutchaction                    text9        00D09
_command                         bssBANK1     000A0
_comu_types                      bssBANK2     00146
_count1                          bssBANK0     0005C
_count2                          bssBANK0     0005E
_countabuf                       bssBANK0     00060
_direction                       dataBANK1    000E3
_getCargoData                    text21       00D56
_getMoter_lotate                 text42       00CDB
_index                           bssBANK2     00158
_init                            text34       00E3D
_initCargo                       text33       00D7E
_initComand                      text32       0067A
_initComu_types                  text31       0060D
_initIndex                       text30       005A0
_initPosition                    text29       00E65
_initTrain                       text25       00780
_initbuffer                      text35       00E8D
_io_init                         text24       00CF6
_isEndPointTrig                  bitnvCOMMON  003D8
_isEndpoint                      text14       00F12
_isMyAddr                        bitbssCOMMON 00381
_isMycargo                       bitbssCOMMON 00382
_isSPI1read                      text23       00D3A
_isSPI2read                      text39       00D20
_isSendSPI2                      bitbssCOMMON 00383
_isTrainSt                       text28       006E7
_isreadTrain                     bitbssCOMMON 00384
_linkAngle                       dataBANK1    000E5
_linkInfo                        bssBANK1     000CB
_main                            maintext     007C9
_position                        bssBANK2     00120
_readCargo                       text6        000A7
_read_count1                     bssBANK0     00062
_read_count2                     bssBANK0     00064
_read_train                      text22       00F46
_resetCargo                      text13       00D66
_resetTrainData                  text26       00CED
_restartCargo                    text27       00CD6
_send_count1                     bssBANK1     000DD
_setCargoAngle                   text41       00CE1
_setComunicateMode               text5        00F81
_setIndexMode                    text7        00FC0
_setMoter_lotate                 text8        00D97
_setSPI1sendData                 text38       00DD6
_setSPI1sendDataManual           text15       00CE7
_setSPI2sendData                 text4        00735
_spi1_Read_data                  bssBANK0     00069
_spi1_buffer_data                (abs)        024F0
_spi1_init                       text3        00DB6
_spi1_send_buffer_data           (abs)        026F0
_spi1_send_count                 bssBANK1     000DF
_spi2_Send_data                  bssBANK0     0006B
_spi2_buffer_data                (abs)        025F0
_spi2_init                       text2        00DF8
_spi_init                        text1        00CFF
_st_dataLength                   dataBANK0    0006D
_st_type                         bssBANK0     0006C
_startTrainBytes                 bssBANK1     000D1
_trainPos                        bssBANK1     000E1
btemp                            (abs)        0007E
clear_ram0                       clrtext      00D14
clutchaction@comannd             cstackBANK0  00020
end_of_initialization            cinit        000A3
initbuffer@i                     cstackBANK0  00022
int$flags                        (abs)        0007E
intlevel0                        functab      00000
intlevel1                        functab      00000
intlevel2                        functab      00000
intlevel3                        functab      00000
intlevel4                        functab      00000
intlevel5                        functab      00000
isEndpoint@spi2data              cstackBANK0  00026
isTrainSt@buf                    cstackBANK0  0002A
ltemp                            (abs)        0007E
ltemp0                           (abs)        0007E
ltemp1                           (abs)        00082
ltemp2                           (abs)        00086
ltemp3                           (abs)        00080
readCargo@bufint                 cstackBANK0  00055
readCargo@buflong                cstackBANK0  00051
readCargo@spi1_Read_data         cstackBANK0  00057
read_train@bufint                cstackBANK0  00022
reset_vec                        reset_vec    00000
setCargoAngle@m_linkAngleTo      cstackCOMMON 00072
setComunicateMode@i              cstackBANK0  0005A
setComunicateMode@m_type         cstackBANK0  00059
setIndexMode@i                   cstackBANK0  00023
setIndexMode@m_index             cstackBANK0  00022
setMoter_lotate@lotate           cstackBANK0  00020
setSPI1sendDataManual@data       cstackBANK0  00020
spi1_init@dummy                  cstackBANK0  00021
spi2_init@dummy                  cstackBANK0  00021
stackhi                          (abs)        023EF
stacklo                          (abs)        02102
start                            init         0004B
start_initialization             cinit        0004D
ttemp                            (abs)        0007E
ttemp0                           (abs)        0007E
ttemp1                           (abs)        00081
ttemp2                           (abs)        00084
ttemp3                           (abs)        00087
ttemp4                           (abs)        0007F
wtemp                            (abs)        0007E
wtemp0                           (abs)        0007E
wtemp1                           (abs)        00080
wtemp2                           (abs)        00082
wtemp3                           (abs)        00084
wtemp4                           (abs)        00086
wtemp5                           (abs)        00088
wtemp6                           (abs)        0007F


FUNCTION INFORMATION:

 *************** function _main *****************
 Defined at:
		line 162 in file "D:/programdata/16F18346_Hand_IC.X/main.c"
 Parameters:    Size  Location     Type
		None
 Auto vars:     Size  Location     Type
		None
 Return value:  Size  Location     Type
                  1    wreg      void 
 Registers used:
		wreg, fsr0l, fsr0h, fsr1l, fsr1h, status,2, status,0, pclath, cstack
 Tracked objects:
		On entry : 
		On exit  : 
		Unchanged: 
 Data sizes:     COMMON   BANK0   BANK1   BANK2   BANK3   BANK4   BANK5   BANK6   BANK7   BANK8   BANK9  BANK10  BANK11  BANK12  BANK13  BANK14  BANK15  BANK16  BANK17  BANK18  BANK19  BANK20  BANK21  BANK22  BANK23  BANK24  BANK25
      Params:         0       0       0       0       0       0       0       0       0       0       0       0       0       0       0       0       0       0       0       0       0       0       0       0       0       0       0
      Locals:         0       0       0       0       0       0       0       0       0       0       0       0       0       0       0       0       0       0       0       0       0       0       0       0       0       0       0
      Temps:          0       0       0       0       0       0       0       0       0       0       0       0       0       0       0       0       0       0       0       0       0       0       0       0       0       0       0
      Totals:         0       0       0       0       0       0       0       0       0       0       0       0       0       0       0       0       0       0       0       0       0       0       0       0       0       0       0
Total ram usage:        0 bytes
 Hardware stack levels required when called:    7
 This function calls:
		_InitCalibrate
		_init
		_initCargo
		_initComand
		_initComu_types
		_initIndex
		_initPosition
		_initTrain
		_io_init
		_isSPI1read
		_read_train
		_setComunicateMode
		_setSPI2sendData
		_spi_init
 This function is called by:
		Startup code after reset
 This function uses a non-reentrant model


 *************** function _spi_init *****************
 Defined at:
		line 21 in file "D:/programdata/16F18346_Hand_IC.X/spiControl.c"
 Parameters:    Size  Location     Type
		None
 Auto vars:     Size  Location     Type
		None
 Return value:  Size  Location     Type
                  1    wreg      void 
 Registers used:
		wreg, status,2, status,0, pclath, cstack
 Tracked objects:
		On entry : 
		On exit  : 
		Unchanged: 
 Data sizes:     COMMON   BANK0   BANK1   BANK2   BANK3   BANK4   BANK5   BANK6   BANK7   BANK8   BANK9  BANK10  BANK11  BANK12  BANK13  BANK14  BANK15  BANK16  BANK17  BANK18  BANK19  BANK20  BANK21  BANK22  BANK23  BANK24  BANK25
      Params:         0       0       0       0       0       0       0       0       0       0       0       0       0       0       0       0       0       0       0       0       0       0       0       0       0       0       0
      Locals:         0       0       0       0       0       0       0       0       0       0       0       0       0       0       0       0       0       0       0       0       0       0       0       0       0       0       0
      Temps:          0       0       0       0       0       0       0       0       0       0       0       0       0       0       0       0       0       0       0       0       0       0       0       0       0       0       0
      Totals:         0       0       0       0       0       0       0       0       0       0       0       0       0       0       0       0       0       0       0       0       0       0       0       0       0       0       0
Total ram usage:        0 bytes
 Hardware stack levels used:    1
 Hardware stack levels required when called:    4
 This function calls:
		_spi1_init
		_spi2_init
 This function is called by:
		_main
 This function uses a non-reentrant model


 *************** function _spi2_init *****************
 Defined at:
		line 48 in file "D:/programdata/16F18346_Hand_IC.X/spiControl.c"
 Parameters:    Size  Location     Type
		None
 Auto vars:     Size  Location     Type
  dummy           1    1[BANK0 ] unsigned char 
 Return value:  Size  Location     Type
                  1    wreg      void 
 Registers used:
		wreg, status,2, status,0
 Tracked objects:
		On entry : 
		On exit  : 
		Unchanged: 
 Data sizes:     COMMON   BANK0   BANK1   BANK2   BANK3   BANK4   BANK5   BANK6   BANK7   BANK8   BANK9  BANK10  BANK11  BANK12  BANK13  BANK14  BANK15  BANK16  BANK17  BANK18  BANK19  BANK20  BANK21  BANK22  BANK23  BANK24  BANK25
      Params:         0       0       0       0       0       0       0       0       0       0       0       0       0       0       0       0       0       0       0       0       0       0       0       0       0       0       0
      Locals:         0       1       0       0       0       0       0       0       0       0       0       0       0       0       0       0       0       0       0       0       0       0       0       0       0       0       0
      Temps:          0       1       0       0       0       0       0       0       0       0       0       0       0       0       0       0       0       0       0       0       0       0       0       0       0       0       0
      Totals:         0       2       0       0       0       0       0       0       0       0       0       0       0       0       0       0       0       0       0       0       0       0       0       0       0       0       0
Total ram usage:        2 bytes
 Hardware stack levels used:    1
 Hardware stack levels required when called:    3
 This function calls:
		Nothing
 This function is called by:
		_spi_init
 This function uses a non-reentrant model


 *************** function _spi1_init *****************
 Defined at:
		line 32 in file "D:/programdata/16F18346_Hand_IC.X/spiControl.c"
 Parameters:    Size  Location     Type
		None
 Auto vars:     Size  Location     Type
  dummy           1    1[BANK0 ] unsigned char 
 Return value:  Size  Location     Type
                  1    wreg      void 
 Registers used:
		wreg, status,2, status,0
 Tracked objects:
		On entry : 
		On exit  : 
		Unchanged: 
 Data sizes:     COMMON   BANK0   BANK1   BANK2   BANK3   BANK4   BANK5   BANK6   BANK7   BANK8   BANK9  BANK10  BANK11  BANK12  BANK13  BANK14  BANK15  BANK16  BANK17  BANK18  BANK19  BANK20  BANK21  BANK22  BANK23  BANK24  BANK25
      Params:         0       0       0       0       0       0       0       0       0       0       0       0       0       0       0       0       0       0       0       0       0       0       0       0       0       0       0
      Locals:         0       1       0       0       0       0       0       0       0       0       0       0       0       0       0       0       0       0       0       0       0       0       0       0       0       0       0
      Temps:          0       1       0       0       0       0       0       0       0       0       0       0       0       0       0       0       0       0       0       0       0       0       0       0       0       0       0
      Totals:         0       2       0       0       0       0       0       0       0       0       0       0       0       0       0       0       0       0       0       0       0       0       0       0       0       0       0
Total ram usage:        2 bytes
 Hardware stack levels used:    1
 Hardware stack levels required when called:    3
 This function calls:
		Nothing
 This function is called by:
		_spi_init
 This function uses a non-reentrant model


 *************** function _setSPI2sendData *****************
 Defined at:
		line 105 in file "D:/programdata/16F18346_Hand_IC.X/spiControl.c"
 Parameters:    Size  Location     Type
		None
 Auto vars:     Size  Location     Type
		None
 Return value:  Size  Location     Type
                  1    wreg      void 
 Registers used:
		wreg, fsr1l, fsr1h, status,2, status,0
 Tracked objects:
		On entry : 
		On exit  : 
		Unchanged: 
 Data sizes:     COMMON   BANK0   BANK1   BANK2   BANK3   BANK4   BANK5   BANK6   BANK7   BANK8   BANK9  BANK10  BANK11  BANK12  BANK13  BANK14  BANK15  BANK16  BANK17  BANK18  BANK19  BANK20  BANK21  BANK22  BANK23  BANK24  BANK25
      Params:         0       0       0       0       0       0       0       0       0       0       0       0       0       0       0       0       0       0       0       0       0       0       0       0       0       0       0
      Locals:         0       0       0       0       0       0       0       0       0       0       0       0       0       0       0       0       0       0       0       0       0       0       0       0       0       0       0
      Temps:          0       4       0       0       0       0       0       0       0       0       0       0       0       0       0       0       0       0       0       0       0       0       0       0       0       0       0
      Totals:         0       4       0       0       0       0       0       0       0       0       0       0       0       0       0       0       0       0       0       0       0       0       0       0       0       0       0
Total ram usage:        4 bytes
 Hardware stack levels used:    1
 Hardware stack levels required when called:    3
 This function calls:
		Nothing
 This function is called by:
		_main
 This function uses a non-reentrant model


 *************** function _setComunicateMode *****************
 Defined at:
		line 40 in file "D:/programdata/16F18346_Hand_IC.X/comu_type.c"
 Parameters:    Size  Location     Type
  m_type          1    wreg     unsigned char 
 Auto vars:     Size  Location     Type
  m_type          1   57[BANK0 ] unsigned char 
  i               2   58[BANK0 ] int 
 Return value:  Size  Location     Type
		None               void
 Registers used:
		wreg, fsr0l, fsr0h, fsr1l, fsr1h, status,2, status,0, pclath, cstack
 Tracked objects:
		On entry : 
		On exit  : 
		Unchanged: 
 Data sizes:     COMMON   BANK0   BANK1   BANK2   BANK3   BANK4   BANK5   BANK6   BANK7   BANK8   BANK9  BANK10  BANK11  BANK12  BANK13  BANK14  BANK15  BANK16  BANK17  BANK18  BANK19  BANK20  BANK21  BANK22  BANK23  BANK24  BANK25
      Params:         0       0       0       0       0       0       0       0       0       0       0       0       0       0       0       0       0       0       0       0       0       0       0       0       0       0       0
      Locals:         0       3       0       0       0       0       0       0       0       0       0       0       0       0       0       0       0       0       0       0       0       0       0       0       0       0       0
      Temps:          0       1       0       0       0       0       0       0       0       0       0       0       0       0       0       0       0       0       0       0       0       0       0       0       0       0       0
      Totals:         0       4       0       0       0       0       0       0       0       0       0       0       0       0       0       0       0       0       0       0       0       0       0       0       0       0       0
Total ram usage:        4 bytes
 Hardware stack levels used:    1
 Hardware stack levels required when called:    6
 This function calls:
		_Calibrate_download
		_EEPROM_download
		_readCargo
 This function is called by:
		_main
 This function uses a non-reentrant model


 *************** function _readCargo *****************
 Defined at:
		line 15 in file "D:/programdata/16F18346_Hand_IC.X/normal_mode.c"
 Parameters:    Size  Location     Type
  spi1_Read_da    1    wreg     unsigned char 
 Auto vars:     Size  Location     Type
  spi1_Read_da    1   55[BANK0 ] unsigned char 
  buflong         4   49[BANK0 ] unsigned long 
  bufint          2   53[BANK0 ] unsigned int 
 Return value:  Size  Location     Type
                  1    wreg      void 
 Registers used:
		wreg, fsr0l, fsr0h, fsr1l, fsr1h, status,2, status,0, pclath, cstack
 Tracked objects:
		On entry : 
		On exit  : 
		Unchanged: 
 Data sizes:     COMMON   BANK0   BANK1   BANK2   BANK3   BANK4   BANK5   BANK6   BANK7   BANK8   BANK9  BANK10  BANK11  BANK12  BANK13  BANK14  BANK15  BANK16  BANK17  BANK18  BANK19  BANK20  BANK21  BANK22  BANK23  BANK24  BANK25
      Params:         0       0       0       0       0       0       0       0       0       0       0       0       0       0       0       0       0       0       0       0       0       0       0       0       0       0       0
      Locals:         0       7       0       0       0       0       0       0       0       0       0       0       0       0       0       0       0       0       0       0       0       0       0       0       0       0       0
      Temps:          0       6       0       0       0       0       0       0       0       0       0       0       0       0       0       0       0       0       0       0       0       0       0       0       0       0       0
      Totals:         0      13       0       0       0       0       0       0       0       0       0       0       0       0       0       0       0       0       0       0       0       0       0       0       0       0       0
Total ram usage:       13 bytes
 Hardware stack levels used:    1
 Hardware stack levels required when called:    5
 This function calls:
		_TransLong256To255
		_clutchaction
		_getCargoData
		_restartCargo
		_setIndexMode
 This function is called by:
		_setComunicateMode
 This function uses a non-reentrant model


 *************** function _setIndexMode *****************
 Defined at:
		line 31 in file "D:/programdata/16F18346_Hand_IC.X/index.c"
 Parameters:    Size  Location     Type
  m_index         1    wreg     unsigned char 
 Auto vars:     Size  Location     Type
  m_index         1    2[BANK0 ] unsigned char 
  i               2    3[BANK0 ] int 
 Return value:  Size  Location     Type
		None               void
 Registers used:
		wreg, fsr0l, fsr0h, fsr1l, fsr1h, status,2, status,0, pclath, cstack
 Tracked objects:
		On entry : 
		On exit  : 
		Unchanged: 
[...]
      Locals:         0       0       0       0       0       0       0       0       0       0       0       0       0       0       0       0       0       0       0       0       0       0       0       0       0       0       0
      Temps:          0       0       0       0       0       0       0       0       0       0       0       0       0       0       0       0       0       0       0       0       0       0       0       0       0       0       0
      Totals:         0       0       0       0       0       0       0       0       0       0       0       0       0       0       0       0       0       0       0       0       0       0       0       0       0       0       0
Total ram usage:        0 bytes
 Hardware stack levels used:    1
 Hardware stack levels required when called:    4
 This function calls:
		_clear
		_initbuffer
 This function is called by:
		_main
 This function uses a non-reentrant model


 *************** function _initbuffer *****************
 Defined at:
		line 99 in file "D:/programdata/16F18346_Hand_IC.X/main.c"
 Parameters:    Size  Location     Type
		None
 Auto vars:     Size  Location     Type
  i               2    2[BANK0 ] int 
 Return value:  Size  Location     Type
                  1    wreg      void 
 Registers used:
		wreg, fsr1l, fsr1h, status,2, status,0
 Tracked objects:
		On entry : 
		On exit  : 
		Unchanged: 
 Data sizes:     COMMON   BANK0   BANK1   BANK2   BANK3   BANK4   BANK5   BANK6   BANK7   BANK8   BANK9  BANK10  BANK11  BANK12  BANK13  BANK14  BANK15  BANK16  BANK17  BANK18  BANK19  BANK20  BANK21  BANK22  BANK23  BANK24  BANK25
      Params:         0       0       0       0       0       0       0       0       0       0       0       0       0       0       0       0       0       0       0       0       0       0       0       0       0       0       0
      Locals:         0       2       0       0       0       0       0       0       0       0       0       0       0       0       0       0       0       0       0       0       0       0       0       0       0       0       0
      Temps:          0       2       0       0       0       0       0       0       0       0       0       0       0       0       0       0       0       0       0       0       0       0       0       0       0       0       0
      Totals:         0       4       0       0       0       0       0       0       0       0       0       0       0       0       0       0       0       0       0       0       0       0       0       0       0       0       0
Total ram usage:        4 bytes
 Hardware stack levels used:    1
 Hardware stack levels required when called:    3
 This function calls:
		Nothing
 This function is called by:
		_init
 This function uses a non-reentrant model


 *************** function _clear *****************
 Defined at:
		line 9 in file "D:/programdata/16F18346_Hand_IC.X/util.c"
 Parameters:    Size  Location     Type
		None
 Auto vars:     Size  Location     Type
		None
 Return value:  Size  Location     Type
                  1    wreg      void 
 Registers used:
		status,2
 Tracked objects:
		On entry : 
		On exit  : 
		Unchanged: 
 Data sizes:     COMMON   BANK0   BANK1   BANK2   BANK3   BANK4   BANK5   BANK6   BANK7   BANK8   BANK9  BANK10  BANK11  BANK12  BANK13  BANK14  BANK15  BANK16  BANK17  BANK18  BANK19  BANK20  BANK21  BANK22  BANK23  BANK24  BANK25
      Params:         0       0       0       0       0       0       0       0       0       0       0       0       0       0       0       0       0       0       0       0       0       0       0       0       0       0       0
      Locals:         0       0       0       0       0       0       0       0       0       0       0       0       0       0       0       0       0       0       0       0       0       0       0       0       0       0       0
      Temps:          0       0       0       0       0       0       0       0       0       0       0       0       0       0       0       0       0       0       0       0       0       0       0       0       0       0       0
      Totals:         0       0       0       0       0       0       0       0       0       0       0       0       0       0       0       0       0       0       0       0       0       0       0       0       0       0       0
Total ram usage:        0 bytes
 Hardware stack levels used:    1
 Hardware stack levels required when called:    3
 This function calls:
		Nothing
 This function is called by:
		_init
 This function uses a non-reentrant model


 *************** function _InterMSSP *****************
 Defined at:
		line 70 in file "D:/programdata/16F18346_Hand_IC.X/main.c"
 Parameters:    Size  Location     Type
		None
 Auto vars:     Size  Location     Type
  buf             1    8[COMMON] unsigned char 
 Return value:  Size  Location     Type
                  1    wreg      void 
 Registers used:
		wreg, fsr1l, fsr1h, status,2, status,0, pclath, cstack
 Tracked objects:
		On entry : 
		On exit  : 
		Unchanged: 
 Data sizes:     COMMON   BANK0   BANK1   BANK2   BANK3   BANK4   BANK5   BANK6   BANK7   BANK8   BANK9  BANK10  BANK11  BANK12  BANK13  BANK14  BANK15  BANK16  BANK17  BANK18  BANK19  BANK20  BANK21  BANK22  BANK23  BANK24  BANK25
      Params:         0       0       0       0       0       0       0       0       0       0       0       0       0       0       0       0       0       0       0       0       0       0       0       0       0       0       0
      Locals:         1       0       0       0       0       0       0       0       0       0       0       0       0       0       0       0       0       0       0       0       0       0       0       0       0       0       0
      Temps:          6       0       0       0       0       0       0       0       0       0       0       0       0       0       0       0       0       0       0       0       0       0       0       0       0       0       0
      Totals:         7       0       0       0       0       0       0       0       0       0       0       0       0       0       0       0       0       0       0       0       0       0       0       0       0       0       0
Total ram usage:        7 bytes
 Hardware stack levels used:    1
 Hardware stack levels required when called:    2
 This function calls:
		_addAngle
		_setSPI1sendData
 This function is called by:
		Interrupt level 1
 This function uses a non-reentrant model


 *************** function _setSPI1sendData *****************
 Defined at:
		line 91 in file "D:/programdata/16F18346_Hand_IC.X/spiControl.c"
 Parameters:    Size  Location     Type
		None
 Auto vars:     Size  Location     Type
		None
 Return value:  Size  Location     Type
                  1    wreg      void 
 Registers used:
		wreg, fsr1l, fsr1h, status,2, status,0, pclath, cstack
 Tracked objects:
		On entry : 
		On exit  : 
		Unchanged: 
 Data sizes:     COMMON   BANK0   BANK1   BANK2   BANK3   BANK4   BANK5   BANK6   BANK7   BANK8   BANK9  BANK10  BANK11  BANK12  BANK13  BANK14  BANK15  BANK16  BANK17  BANK18  BANK19  BANK20  BANK21  BANK22  BANK23  BANK24  BANK25
      Params:         0       0       0       0       0       0       0       0       0       0       0       0       0       0       0       0       0       0       0       0       0       0       0       0       0       0       0
      Locals:         0       0       0       0       0       0       0       0       0       0       0       0       0       0       0       0       0       0       0       0       0       0       0       0       0       0       0
      Temps:          2       0       0       0       0       0       0       0       0       0       0       0       0       0       0       0       0       0       0       0       0       0       0       0       0       0       0
      Totals:         2       0       0       0       0       0       0       0       0       0       0       0       0       0       0       0       0       0       0       0       0       0       0       0       0       0       0
Total ram usage:        2 bytes
 Hardware stack levels used:    1
 Hardware stack levels required when called:    1
 This function calls:
		_isSPI2read
 This function is called by:
		_InterMSSP
 This function uses a non-reentrant model


 *************** function _isSPI2read *****************
 Defined at:
		line 75 in file "D:/programdata/16F18346_Hand_IC.X/spiControl.c"
 Parameters:    Size  Location     Type
		None
 Auto vars:     Size  Location     Type
		None
 Return value:  Size  Location     Type
		None               void
 Registers used:
		wreg, status,2, status,0
 Tracked objects:
		On entry : 
		On exit  : 
		Unchanged: 
 Data sizes:     COMMON   BANK0   BANK1   BANK2   BANK3   BANK4   BANK5   BANK6   BANK7   BANK8   BANK9  BANK10  BANK11  BANK12  BANK13  BANK14  BANK15  BANK16  BANK17  BANK18  BANK19  BANK20  BANK21  BANK22  BANK23  BANK24  BANK25
      Params:         0       0       0       0       0       0       0       0       0       0       0       0       0       0       0       0       0       0       0       0       0       0       0       0       0       0       0
      Locals:         0       0       0       0       0       0       0       0       0       0       0       0       0       0       0       0       0       0       0       0       0       0       0       0       0       0       0
      Temps:          0       0       0       0       0       0       0       0       0       0       0       0       0       0       0       0       0       0       0       0       0       0       0       0       0       0       0
      Totals:         0       0       0       0       0       0       0       0       0       0       0       0       0       0       0       0       0       0       0       0       0       0       0       0       0       0       0
Total ram usage:        0 bytes
 Hardware stack levels used:    1
 This function calls:
		Nothing
 This function is called by:
		_setSPI1sendData
 This function uses a non-reentrant model


 *************** function _addAngle *****************
 Defined at:
		line 62 in file "D:/programdata/16F18346_Hand_IC.X/IO_control.c"
 Parameters:    Size  Location     Type
		None
 Auto vars:     Size  Location     Type
		None
 Return value:  Size  Location     Type
                  1    wreg      void 
 Registers used:
		wreg, status,2, status,0, pclath, cstack
 Tracked objects:
		On entry : 
		On exit  : 
		Unchanged: 
 Data sizes:     COMMON   BANK0   BANK1   BANK2   BANK3   BANK4   BANK5   BANK6   BANK7   BANK8   BANK9  BANK10  BANK11  BANK12  BANK13  BANK14  BANK15  BANK16  BANK17  BANK18  BANK19  BANK20  BANK21  BANK22  BANK23  BANK24  BANK25
      Params:         0       0       0       0       0       0       0       0       0       0       0       0       0       0       0       0       0       0       0       0       0       0       0       0       0       0       0
      Locals:         0       0       0       0       0       0       0       0       0       0       0       0       0       0       0       0       0       0       0       0       0       0       0       0       0       0       0
      Temps:          0       0       0       0       0       0       0       0       0       0       0       0       0       0       0       0       0       0       0       0       0       0       0       0       0       0       0
      Totals:         0       0       0       0       0       0       0       0       0       0       0       0       0       0       0       0       0       0       0       0       0       0       0       0       0       0       0
Total ram usage:        0 bytes
 Hardware stack levels used:    1
 Hardware stack levels required when called:    1
 This function calls:
		_getMoter_lotate
		_setCargoAngle
 This function is called by:
		_InterMSSP
 This function uses a non-reentrant model


 *************** function _setCargoAngle *****************
 Defined at:
		line 41 in file "D:/programdata/16F18346_Hand_IC.X/struct.c"
 Parameters:    Size  Location     Type
  m_linkAngleT    2    0[COMMON] int 
 Auto vars:     Size  Location     Type
		None
 Return value:  Size  Location     Type
                  1    wreg      void 
 Registers used:
		wreg
 Tracked objects:
		On entry : 
		On exit  : 
		Unchanged: 
 Data sizes:     COMMON   BANK0   BANK1   BANK2   BANK3   BANK4   BANK5   BANK6   BANK7   BANK8   BANK9  BANK10  BANK11  BANK12  BANK13  BANK14  BANK15  BANK16  BANK17  BANK18  BANK19  BANK20  BANK21  BANK22  BANK23  BANK24  BANK25
      Params:         2       0       0       0       0       0       0       0       0       0       0       0       0       0       0       0       0       0       0       0       0       0       0       0       0       0       0
      Locals:         0       0       0       0       0       0       0       0       0       0       0       0       0       0       0       0       0       0       0       0       0       0       0       0       0       0       0
      Temps:          0       0       0       0       0       0       0       0       0       0       0       0       0       0       0       0       0       0       0       0       0       0       0       0       0       0       0
      Totals:         2       0       0       0       0       0       0       0       0       0       0       0       0       0       0       0       0       0       0       0       0       0       0       0       0       0       0
Total ram usage:        2 bytes
 Hardware stack levels used:    1
 This function calls:
		Nothing
 This function is called by:
		_addAngle
 This function uses a non-reentrant model


 *************** function _getMoter_lotate *****************
 Defined at:
		line 29 in file "D:/programdata/16F18346_Hand_IC.X/cal_position.c"
 Parameters:    Size  Location     Type
		None
 Auto vars:     Size  Location     Type
		None
 Return value:  Size  Location     Type
                  2    0[COMMON] int 
 Registers used:
		wreg
 Tracked objects:
		On entry : 
		On exit  : 
		Unchanged: 
 Data sizes:     COMMON   BANK0   BANK1   BANK2   BANK3   BANK4   BANK5   BANK6   BANK7   BANK8   BANK9  BANK10  BANK11  BANK12  BANK13  BANK14  BANK15  BANK16  BANK17  BANK18  BANK19  BANK20  BANK21  BANK22  BANK23  BANK24  BANK25
      Params:         2       0       0       0       0       0       0       0       0       0       0       0       0       0       0       0       0       0       0       0       0       0       0       0       0       0       0
      Locals:         0       0       0       0       0       0       0       0       0       0       0       0       0       0       0       0       0       0       0       0       0       0       0       0       0       0       0
      Temps:          0       0       0       0       0       0       0       0       0       0       0       0       0       0       0       0       0       0       0       0       0       0       0       0       0       0       0
      Totals:         2       0       0       0       0       0       0       0       0       0       0       0       0       0       0       0       0       0       0       0       0       0       0       0       0       0       0
Total ram usage:        2 bytes
 Hardware stack levels used:    1
 This function calls:
		Nothing
 This function is called by:
		_addAngle
 This function uses a non-reentrant model



MODULE INFORMATION

Module		Function		Class		Link	Load	Size
D:/programdata/16F18346_Hand_IC.X/index.c
		_initIndex     		CODE           	05A0	0000	110
		_setIndexMode  		CODE           	0FC0	0000	65

D:/programdata/16F18346_Hand_IC.X/index.c estimated size: 175

D:/programdata/16F18346_Hand_IC.X/main.c
		_init          		CODE           	0E3D	0000	41
		_InterMSSP     		CODE           	0004	0000	72
		_main          		CODE           	07C9	0000	53
		_initbuffer    		CODE           	0E8D	0000	43
		_initTrain     		CODE           	0780	0000	74
		_io_init       		CODE           	0CF6	0000	10
		_isTrainSt     		CODE           	06E7	0000	79
		_resetTrainData		CODE           	0CED	0000	10
		_read_train    		CODE           	0F46	0000	60

D:/programdata/16F18346_Hand_IC.X/main.c estimated size: 442

D:/programdata/16F18346_Hand_IC.X/struct.c
		_setCargoAngle 		CODE           	0CE1	0000	7
		_restartCargo  		CODE           	0CD6	0000	6
		_initCargo     		CODE           	0D7E	0000	26
		_resetCargo    		CODE           	0D66	0000	25
		_getCargoData  		CODE           	0D56	0000	17

D:/programdata/16F18346_Hand_IC.X/struct.c estimated size: 81

E:\Program Files (x86)\Microchip\xc8\v1.37\sources\common\almod.c
		___almod       		CODE           	0532	0000	111

E:\Program Files (x86)\Microchip\xc8\v1.37\sources\common\almod.c estimated size: 111

D:/programdata/16F18346_Hand_IC.X/normal_mode.c
		_readCargo     		CODE           	00A7	0000	312

D:/programdata/16F18346_Hand_IC.X/normal_mode.c estimated size: 312

D:/programdata/16F18346_Hand_IC.X/IO_control.c
		_addAngle      		CODE           	0D47	0000	16

D:/programdata/16F18346_Hand_IC.X/IO_control.c estimated size: 16

E:\Program Files (x86)\Microchip\xc8\v1.37\sources\common\aldiv.c
		___aldiv       		CODE           	04B0	0000	131

E:\Program Files (x86)\Microchip\xc8\v1.37\sources\common\aldiv.c estimated size: 131

D:/programdata/16F18346_Hand_IC.X/cal_position.c
		_setMoter_lotate		CODE           	0D97	0000	32
		_initPosition  		CODE           	0E65	0000	41
		_getMoter_lotate		CODE           	0CDB	0000	7

D:/programdata/16F18346_Hand_IC.X/cal_position.c estimated size: 80

shared
		_VENDER_ID     		STRCODE        	0000	0000	0
		_MACHINE_ID    		STRCODE        	0000	0000	0
		__initialization		CODE           	004D	0000	87

shared estimated size: 87

D:/programdata/16F18346_Hand_IC.X/command.c
		_clutchaction  		CODE           	0D09	0000	12
		_initComand    		CODE           	067A	0000	110

D:/programdata/16F18346_Hand_IC.X/command.c estimated size: 122

D:/programdata/16F18346_Hand_IC.X/spiControl.c
		_isSPI2read    		CODE           	0D20	0000	14
		_setSPI2sendData		CODE           	0735	0000	76
		_setSPI1sendDataManual		CODE           	0CE7	0000	7
		_spi_init      		CODE           	0CFF	0000	11
		_spi1_init     		CODE           	0DB6	0000	33
		_spi2_init     		CODE           	0DF8	0000	35
		_setSPI1sendData		CODE           	0DD6	0000	35
		_isSPI1read    		CODE           	0D3A	0000	14

D:/programdata/16F18346_Hand_IC.X/spiControl.c estimated size: 225

D:/programdata/16F18346_Hand_IC.X/eeprom.c
		_ReadEEPROM    		CODE           	0E1A	0000	36
		_EEPROM_download		CODE           	03E0	0000	209

D:/programdata/16F18346_Hand_IC.X/eeprom.c estimated size: 245

D:/programdata/16F18346_Hand_IC.X/calibrate_mode.c
		_InitCalibrate 		CODE           	0EB7	0000	44
		_isEndpoint    		CODE           	0F12	0000	53
		_Calibrate_download		CODE           	01DE	0000	285

D:/programdata/16F18346_Hand_IC.X/calibrate_mode.c estimated size: 382

D:/programdata/16F18346_Hand_IC.X/util.c
		_TransLong256To255		CODE           	02FA	0000	231
		_clear         		CODE           	0D2D	0000	14

D:/programdata/16F18346_Hand_IC.X/util.c estimated size: 245

E:\Program Files (x86)\Microchip\xc8\v1.37\sources\common\Umul32.c
		___lmul        		CODE           	0EE2	0000	49

E:\Program Files (x86)\Microchip\xc8\v1.37\sources\common\Umul32.c estimated size: 49

D:/programdata/16F18346_Hand_IC.X/comu_type.c
		_initComu_types		CODE           	060D	0000	110
		_setComunicateMode		CODE           	0F81	0000	64

D:/programdata/16F18346_Hand_IC.X/comu_type.c estimated size: 174

